<html>
<body>
<pre>
<h1>礦ision Build Log</h1>
<h2>Tool Versions:</h2>
IDE-Version: μVision V5.18a
Copyright (C) 2016 ARM Ltd and ARM Germany GmbH. All rights reserved.
License Information: Microsoft, Microsoft, LIC=CZLQD-8PJCG-YV31Y-IYPHB-82HW4-U6LSI
 
Tool Versions:
Toolchain:       MDK-ARM Standard  Version: 5.18a
Toolchain Path:  C:\Keil_v5\ARM\ARMCC\Bin
C Compiler:      Armcc.exe V5.06 update 1 (build 61)
Assembler:       Armasm.exe V5.06 update 1 (build 61)
Linker/Locator:  ArmLink.exe V5.06 update 1 (build 61)
Library Manager: ArmAr.exe V5.06 update 1 (build 61)
Hex Converter:   FromElf.exe V5.06 update 1 (build 61)
CPU DLL:         SARMCM3.DLL V5.18a
Dialog DLL:      DCM.DLL V1.13.6.0
Target DLL:      UL2CM3.DLL V1.157.10.0
Dialog DLL:      TCM.DLL V1.14.8.0
 
<h2>Project:</h2>
F:\(MCUDEV)-STM32开发板系列\STM32New新F407系列-核心板\STM32F407VET6板（加强版）--客户资料1712\2，STM32F4xx扩展例程\1，emWin扩展例程\emWin实验8 存储设备\USER\Template.uvproj
Project File Date:  07/05/2018

<h2>Output:</h2>
*** Using Compiler 'V5.06 update 1 (build 61)', folder: 'C:\Keil_v5\ARM\ARMCC\Bin'
Rebuild target 'Template'
compiling stm32f4xx_it.c...
compiling system_stm32f4xx.c...
compiling main.c...
compiling led.c...
compiling ILI93xx.c...
compiling sram.c...
compiling timer.c...
compiling 24cxx.c...
compiling myiic.c...
compiling ott2001a.c...
compiling ctiic.c...
compiling touch.c...
compiling spi.c...
compiling sdio_sdcard.c...
compiling w25qxx.c...
assembling startup_stm32f40_41xxx.s...
compiling misc.c...
compiling stm32f4xx_gpio.c...
compiling stm32f4xx_fsmc.c...
compiling stm32f4xx_syscfg.c...
compiling stm32f4xx_rcc.c...
compiling stm32f4xx_tim.c...
compiling stm32f4xx_usart.c...
compiling stm32f4xx_spi.c...
compiling stm32f4xx_sdio.c...
compiling stm32f4xx_dma.c...
compiling sys.c...
compiling delay.c...
compiling malloc.c...
compiling usart.c...
compiling GUIConf.c...
compiling GUIDRV_Template.c...
compiling GUI_X_UCOSII.c...
compiling LCDConf_FlexColor_Template.c...
compiling os_core.c...
compiling GUI_X_Touch_Analog.c...
compiling os_flag.c...
compiling os_mem.c...
compiling os_mbox.c...
compiling os_mutex.c...
compiling os_q.c...
compiling os_sem.c...
compiling os_time.c...
compiling os_task.c...
assembling os_cpu_a.asm...
compiling os_tmr.c...
compiling os_cpu_c.c...
compiling exfuns.c...
compiling fattester.c...
compiling mycc936.c...
compiling ff.c...
compiling diskio.c...
compiling fontupd.c...
compiling mytext.c...
compiling memdev.c...
linking...
Program Size: Code=86420 RO-data=27188 RW-data=1064 ZI-data=175048  
FromELF: creating hex file...
"..\OBJ\Template.axf" - 0 Error(s), 0 Warning(s).
Build Time Elapsed:  00:00:34
</pre>
</body>
</html>
